render pod annotations:
  1: |
    checksum/config: 572b6e6e44f82aa907092e9fcd7e4070830217a6bdca52f224d0c82dea885b9a
    fixed-annotation: some-fixed-annotation
    templated-annotations: my-release
